<html>
<body>
<pre>
<h1>µVision Build Log</h1>
<h2>Tool Versions:</h2>
IDE-Version: ¦ÌVision V5.25.2.0
Copyright (C) 2018 ARM Ltd and ARM Germany GmbH. All rights reserved.
License Information: gg gg, gg, LIC=65ISZ-J2MI3-PCXJ8-3PQRZ-0TQ5W-JB329
 
Tool Versions:
Toolchain:       MDK-ARM Plus  Version: 5.25.2.0
Toolchain Path:  C:\Keil_v5\ARM\ARMCC\Bin
C Compiler:      Armcc.exe V5.06 update 6 (build 750)
Assembler:       Armasm.exe V5.06 update 6 (build 750)
Linker/Locator:  ArmLink.exe V5.06 update 6 (build 750)
Library Manager: ArmAr.exe V5.06 update 6 (build 750)
Hex Converter:   FromElf.exe V5.06 update 6 (build 750)
CPU DLL:         SARMCM3.DLL V5.25.2.0
Dialog DLL:      DCM.DLL V1.17.1.0
Target DLL:      STLink\ST-LINKIII-KEIL_SWO.dll V3.0.1.0
Dialog DLL:      TCM.DLL V1.35.1.0
 
<h2>Project:</h2>
E:\WORK_2022\USB_device\USB_OK_\bck\F1_Udisk_OK\F1_udisk\MDK-ARM\F1_udisk.uvprojx
Project File Date:  03/04/2022

<h2>Output:</h2>
*** Using Compiler 'V5.06 update 6 (build 750)', folder: 'C:\Keil_v5\ARM\ARMCC\Bin'
Build target 'F1_udisk'
assembling startup_stm32f103xb.s...
compiling gpio.c...
compiling main.c...
compiling usb_device.c...
compiling usbd_desc.c...
compiling usbd_storage_if.c...
../Src/usbd_storage_if.c(227): warning:  #177-D: variable "Erase_status"  was declared but never referenced
    HAL_StatusTypeDef Erase_status;
../Src/usbd_storage_if.c(282): warning:  #177-D: variable "n"  was declared but never referenced
  	  uint32_t n , i, ADDRESS;
../Src/usbd_storage_if.c(282): warning:  #177-D: variable "i"  was declared but never referenced
  	  uint32_t n , i, ADDRESS;
../Src/usbd_storage_if.c(307): warning:  #550-D: variable "Write_status"  was set but never used
      HAL_StatusTypeDef Write_status;
../Src/usbd_storage_if.c(310): warning:  #177-D: variable "j"  was declared but never referenced
      uint32_t n ,i , j, ADDRESS, PAG_OF_USB_FLASH, PageStart;
../Src/usbd_storage_if.c(384): warning:  #550-D: variable "Start_address"  was set but never used
    uint32_t Start_address, End_address;
../Src/usbd_storage_if.c(384): warning:  #550-D: variable "End_address"  was set but never used
    uint32_t Start_address, End_address;
../Src/usbd_storage_if.c(154): warning:  #177-D: variable "read_flag"  was declared but never referenced
  static uint8_t read_flag = 0;
../Src/usbd_storage_if.c: 8 warnings, 0 errors
compiling usbd_conf.c...
compiling stm32f1xx_hal_msp.c...
compiling stm32f1xx_hal_timebase_tim.c...
compiling stm32f1xx_it.c...
compiling stm32f1xx_hal_pcd_ex.c...
compiling stm32f1xx_hal_gpio_ex.c...
compiling stm32f1xx_hal_pcd.c...
compiling stm32f1xx_ll_usb.c...
compiling stm32f1xx_hal_tim_ex.c...
compiling stm32f1xx_hal_tim.c...
compiling stm32f1xx_hal.c...
compiling stm32f1xx_hal_rcc_ex.c...
compiling stm32f1xx_hal_rcc.c...
compiling stm32f1xx_hal_gpio.c...
compiling stm32f1xx_hal_cortex.c...
compiling stm32f1xx_hal_dma.c...
compiling stm32f1xx_hal_pwr.c...
compiling stm32f1xx_hal_flash.c...
compiling stm32f1xx_hal_flash_ex.c...
compiling system_stm32f1xx.c...
compiling usbd_core.c...
compiling usbd_ctlreq.c...
compiling usbd_ioreq.c...
compiling usbd_msc.c...
compiling usbd_msc_bot.c...
compiling usbd_msc_data.c...
compiling usbd_msc_scsi.c...
linking...
Program Size: Code=12630 RO-data=354 RW-data=296 ZI-data=8040  
FromELF: creating hex file...
".\F1_udisk\F1_udisk.axf" - 0 Error(s), 8 Warning(s).

<h2>Software Packages used:</h2>

Package Vendor: ARM
                http://www.keil.com/pack/ARM.CMSIS.5.6.0.pack
                ARM.CMSIS.5.6.0
                CMSIS (Cortex Microcontroller Software Interface Standard)
   * Component: CORE Version: 5.3.0

Package Vendor: Keil
                http://www.keil.com/pack/Keil.STM32F1xx_DFP.2.3.0.pack
                Keil.STM32F1xx_DFP.2.3.0
                STMicroelectronics STM32F1 Series Device Support, Drivers and Examples

<h2>Collection of Component include folders:</h2>
  .\RTE\_F1_udisk
  C:\Keil_v5\ARM\PACK\ARM\CMSIS\5.6.0\CMSIS\Core\Include
  C:\Keil_v5\ARM\PACK\Keil\STM32F1xx_DFP\2.3.0\Device\Include

<h2>Collection of Component Files used:</h2>

   * Component: ARM::CMSIS:CORE:5.3.0
Build Time Elapsed:  00:00:12
</pre>
</body>
</html>
